ancestral {
  key: 'ancestral',
  ordinary: 125,
  special: 1,
  newMapped: 6,
  fixedEssences: [
    'LESSER_ESSENCE_BODY',
    'LESSER_ESSENCE_MIND',
    'LESSER_ESSENCE_ENHANCEMENT',
    'LESSER_ESSENCE_RUIN',
    'LESSER_ESSENCE_INFINITE',
    'ESSENCE_BODY',
    'ESSENCE_MIND',
    'ESSENCE_ENHANCEMENT',
    'ESSENCE_RUIN',
    'ESSENCE_INFINITE',
    'GREATER_ESSENCE_BODY',
    'GREATER_ESSENCE_MIND',
    'GREATER_ESSENCE_ENHANCEMENT',
    'GREATER_ESSENCE_RUIN',
    'GREATER_ESSENCE_INFINITE',
    'LESSER_ESSENCE_INSULATION',
    'ESSENCE_INSULATION',
    'GREATER_ESSENCE_INSULATION',
    'LESSER_ESSENCE_THAWING',
    'ESSENCE_THAWING',
    'GREATER_ESSENCE_THAWING',
    'LESSER_ESSENCE_GROUNDING',
    'ESSENCE_GROUNDING',
    'GREATER_ESSENCE_GROUNDING',
    'LESSER_ESSENCE_OPULENCE',
    'ESSENCE_OPULENCE',
    'GREATER_ESSENCE_OPULENCE'
  ]
}
cryptic {
  key: 'cryptic',
  ordinary: 135,
  special: 1,
  newMapped: 6,
  fixedEssences: [
    'LESSER_ESSENCE_BODY',
    'LESSER_ESSENCE_MIND',
    'LESSER_ESSENCE_ENHANCEMENT',
    'LESSER_ESSENCE_RUIN',
    'LESSER_ESSENCE_INFINITE',
    'ESSENCE_BODY',
    'ESSENCE_MIND',
    'ESSENCE_ENHANCEMENT',
    'ESSENCE_RUIN',
    'ESSENCE_INFINITE',
    'GREATER_ESSENCE_BODY',
    'GREATER_ESSENCE_MIND',
    'GREATER_ESSENCE_ENHANCEMENT',
    'GREATER_ESSENCE_RUIN',
    'GREATER_ESSENCE_INFINITE',
    'LESSER_ESSENCE_INSULATION',
    'ESSENCE_INSULATION',
    'GREATER_ESSENCE_INSULATION',
    'LESSER_ESSENCE_THAWING',
    'ESSENCE_THAWING',
    'GREATER_ESSENCE_THAWING',
    'LESSER_ESSENCE_GROUNDING',
    'ESSENCE_GROUNDING',
    'GREATER_ESSENCE_GROUNDING',
    'LESSER_ESSENCE_OPULENCE',
    'ESSENCE_OPULENCE',
    'GREATER_ESSENCE_OPULENCE'
  ]
}
